    Checking zeroize v1.9.0
    Checking typenum v1.20.1
    Checking strata-core v0.1.1 (/Users/master/cyber/strata/core)
    Checking libc v0.2.186
    Checking subtle v2.6.1
    Checking generic-array v0.14.9
    Checking cfg-if v1.0.4
    Checking const-oid v0.9.6
    Checking strata-ext v0.1.1 (/Users/master/cyber/strata/ext)
    Checking strata-proof v0.1.1 (/Users/master/cyber/strata/proof)
    Checking getrandom v0.2.17
    Checking crypto-common v0.1.6
    Checking block-buffer v0.10.4
    Checking rand_core v0.6.4
    Checking digest v0.10.7
    Checking strata-compute v0.1.1 (/Users/master/cyber/strata/compute)
    Checking strata-nebu v0.1.1 (/Users/master/cyber/strata/nebu/rs)
    Checking cyber-hemera v0.3.1 (/Users/master/cyber/hemera/rs)
    Checking der v0.7.10
    Checking cyber-lens-core v0.1.2 (/Users/master/cyber/lens/core)
    Checking cyber-lens-brakedown v0.2.0 (/Users/master/cyber/lens/brakedown)
    Checking hmac v0.12.1
    Checking ff v0.13.1
    Checking base16ct v0.2.0
    Checking sec1 v0.7.3
    Checking group v0.13.0
    Checking zerocopy v0.8.52
    Checking crypto-bigint v0.5.5
    Checking cpufeatures v0.2.17
    Checking sha2 v0.10.9
    Checking elliptic-curve v0.13.8
    Checking serde_core v1.0.228
    Checking ppv-lite86 v0.2.21
    Checking rfc6979 v0.4.0
    Checking spki v0.7.3
    Checking strata-jali v0.1.1 (/Users/master/cyber/strata/jali/rs)
    Checking signature v2.2.0
    Checking strata-genies v0.1.1 (/Users/master/cyber/strata/genies/rs)
    Checking strata-kuro v0.1.1 (/Users/master/cyber/strata/kuro/rs)
    Checking strata-trop v0.1.1 (/Users/master/cyber/strata/trop/rs)
    Checking tinyvec_macros v0.1.1
    Checking arrayvec v0.7.7
    Checking cyber-lens-assayer v0.2.0 (/Users/master/cyber/lens/assayer)
    Checking tinyvec v1.11.0
    Checking hex-conservative v0.2.2
    Checking cyber-lens-binius v0.1.1 (/Users/master/cyber/lens/binius)
    Checking cyber-lens-porphyry v0.2.0 (/Users/master/cyber/lens/porphyry)
    Checking ecdsa v0.16.9
    Checking cyber-lens-ikat v0.2.0 (/Users/master/cyber/lens/ikat)
    Checking rand_chacha v0.3.1
    Checking rand v0.8.6
    Checking k256 v0.13.4
    Checking cyber-lens v0.2.0 (/Users/master/cyber/lens/src)
    Checking unicode-normalization v0.1.25
    Checking bitcoin_hashes v0.14.101
    Checking serde v1.0.228
    Checking bs58 v0.5.1
    Checking cyber-nox v0.3.0 (/Users/master/cyber/nox/rs)
    Checking pbkdf2 v0.12.2
    Checking ripemd v0.1.3
    Checking once_cell v1.21.4
    Checking zheng v0.4.0 (/Users/master/cyber/zheng/rs)
    Checking bip32 v0.5.3
    Checking bip39 v2.2.2
    Checking num-traits v0.2.19
    Checking bech32 v0.11.1
    Checking neuron-id v0.1.0 (/Users/master/cyber/neuron/id)
    Checking base64 v0.22.1
    Checking num-integer v0.1.46
    Checking zmij v1.0.23
    Checking memchr v2.8.3
    Checking itoa v1.0.18
    Checking num-bigint v0.4.6
    Checking serde_json v1.0.151
    Checking cyber-mudra v0.1.0 (/Users/master/cyber/mudra)
    Checking hex v0.4.3
error[E0063]: missing field `bbg_root` in initializer of `Statement`
  --> src/proof/prove.rs:36:5
   |
36 |     Statement {
   |     ^^^^^^^^^ missing `bbg_root`

For more information about this error, try `rustc --explain E0063`.
error: could not compile `cyber-mudra` (lib) due to 1 previous error
warning: build failed, waiting for other jobs to finish...
error: could not compile `cyber-mudra` (lib test) due to 1 previous error
